2026-08-25 01:18:58,705 - aqt.helper - DEBUG - helper 24544 Attempt to download checksum at https://download.qt.io/online/qtsdkrepository/windows_x86/desktop/qt6_6120/qt6_6120/Updates.xml.sha256
2026-08-25 01:18:59,492 - aqt.helper - DEBUG - helper 24544 Attempt to download checksum at https://download.qt.io/online/qtsdkrepository/windows_x86/desktop/qt6_6120/qt6_6120/Updates.xml.sha256
2026-08-25 01:19:00,138 - aqt.helper - DEBUG - helper 24544 Attempt to download checksum at https://download.qt.io/online/qtsdkrepository/windows_x86/desktop/qt6_6120/qt6_6120/Updates.xml.sha256
2026-08-25 01:19:00,785 - aqt.helper - DEBUG - helper 24544 Attempt to download checksum at https://download.qt.io/online/qtsdkrepository/windows_x86/desktop/qt6_6120/qt6_6120/Updates.xml.sha256
2026-08-25 01:19:01,433 - aqt.helper - DEBUG - helper 24544 Attempt to download checksum at https://download.qt.io/online/qtsdkrepository/windows_x86/desktop/qt6_6120/qt6_6120/Updates.xml.sha256
2026-08-25 01:19:02,105 - aqt.main - ERROR - installer 24544 Failed to download checksum for the file 'Updates.xml' from mirrors '['https://download.qt.io']
==============================Suggested follow-up:==============================
* Check your internet connection
* Consider modifying `requests.max_retries_to_retrieve_hash` in settings.ini
* Consider modifying `mirrors.trusted_mirrors` in settings.ini (see https://aqtinstall.readthedocs.io/en/stable/configuration.html#configuration)
* Please use 'aqt list-qt windows desktop' to show versions of Qt available.
2026-08-25 01:19:06,996 - aqt.helper - DEBUG - helper 24164 Attempt to download checksum at https://download.qt.io/online/qtsdkrepository/windows_x86/desktop/qt6_6120/qt6_6120/Updates.xml.sha256
2026-08-25 01:19:07,712 - aqt.helper - DEBUG - helper 24164 Attempt to download checksum at https://download.qt.io/online/qtsdkrepository/windows_x86/desktop/qt6_6120/qt6_6120/Updates.xml.sha256
2026-08-25 01:19:08,360 - aqt.helper - DEBUG - helper 24164 Attempt to download checksum at https://download.qt.io/online/qtsdkrepository/windows_x86/desktop/qt6_6120/qt6_6120/Updates.xml.sha256
2026-08-25 01:19:09,002 - aqt.helper - DEBUG - helper 24164 Attempt to download checksum at https://download.qt.io/online/qtsdkrepository/windows_x86/desktop/qt6_6120/qt6_6120/Updates.xml.sha256
2026-08-25 01:19:09,693 - aqt.helper - DEBUG - helper 24164 Attempt to download checksum at https://download.qt.io/online/qtsdkrepository/windows_x86/desktop/qt6_6120/qt6_6120/Updates.xml.sha256
2026-08-25 01:19:10,363 - aqt.main - ERROR - installer 24164 Failed to download checksum for the file 'Updates.xml' from mirrors '['https://download.qt.io']
==============================Suggested follow-up:==============================
* Check your internet connection
* Consider modifying `requests.max_retries_to_retrieve_hash` in settings.ini
* Consider modifying `mirrors.trusted_mirrors` in settings.ini (see https://aqtinstall.readthedocs.io/en/stable/configuration.html#configuration)
* Please use 'aqt list-qt windows desktop' to show versions of Qt available.
2026-08-25 01:19:51,314 - aqt.helper - DEBUG - helper 22848 Attempt to download checksum at https://download.qt.io/online/qtsdkrepository/windows_x86/desktop/qt6_680/qt6_680/Updates.xml.sha256
2026-08-25 01:20:00,634 - aqt.main - INFO - installer 24376 aqtinstall(aqt) v3.3.0 on Python 3.14.7 [CPython MSC v.1944 64 bit (AMD64)]
2026-08-25 01:20:00,634 - aqt.helper - DEBUG - helper 24376 Attempt to download checksum at https://download.qt.io/online/qtsdkrepository/windows_x86/desktop/qt6_680/qt6_680/Updates.xml.sha256
2026-08-25 01:20:02,204 - aqt.helper - DEBUG - helper 24376 Attempt to download checksum at https://download.qt.io/online/qtsdkrepository/windows_x86/extensions/qtwebengine/680/msvc2022_64/Updates.xml.sha256
2026-08-25 01:20:03,496 - aqt.archives - INFO - archives 24376 Found extension qtwebengine
2026-08-25 01:20:03,496 - aqt.helper - DEBUG - helper 24376 Attempt to download checksum at https://download.qt.io/online/qtsdkrepository/windows_x86/extensions/qtpdf/680/msvc2022_64/Updates.xml.sha256
2026-08-25 01:20:04,813 - aqt.archives - INFO - archives 24376 Found extension qtpdf
2026-08-25 01:20:05,236 - aqt.helper - DEBUG - helper 19756 Attempt to download checksum at https://download.qt.io/online/qtsdkrepository/windows_x86/desktop/qt6_680/qt6_680/qt.qt6.680.addons.qtmultimedia.win64_msvc2022_64/6.8.0-0-202410030750qtmultimedia-Windows-Windows_11_23H2-MSVC2022-Windows-Windows_11_23H2-X86_64.7z.sha256
2026-08-25 01:20:05,238 - aqt.helper - DEBUG - helper 26308 Attempt to download checksum at https://download.qt.io/online/qtsdkrepository/windows_x86/desktop/qt6_680/qt6_680/qt.qt6.680.win64_msvc2022_64/6.8.0-0-202410030750qtbase-Windows-Windows_11_23H2-MSVC2022-Windows-Windows_11_23H2-X86_64.7z.sha256
2026-08-25 01:20:05,240 - aqt.helper - DEBUG - helper 32292 Attempt to download checksum at https://download.qt.io/online/qtsdkrepository/windows_x86/desktop/qt6_680/qt6_680/qt.qt6.680.win64_msvc2022_64/6.8.0-0-202410030750qtsvg-Windows-Windows_11_23H2-MSVC2022-Windows-Windows_11_23H2-X86_64.7z.sha256
2026-08-25 01:20:05,242 - aqt.helper - DEBUG - helper 20560 Attempt to download checksum at https://download.qt.io/online/qtsdkrepository/windows_x86/desktop/qt6_680/qt6_680/qt.qt6.680.win64_msvc2022_64/6.8.0-0-202410030750qtdeclarative-Windows-Windows_11_23H2-MSVC2022-Windows-Windows_11_23H2-X86_64.7z.sha256
2026-08-25 01:20:05,980 - aqt.helper - INFO - helper 26308 Downloading qtbase...
2026-08-25 01:20:05,980 - aqt.helper - INFO - helper 20560 Downloading qtdeclarative...
2026-08-25 01:20:05,981 - aqt.helper - INFO - helper 32292 Downloading qtsvg...
2026-08-25 01:20:05,980 - aqt.installer - DEBUG - installer 26308 Download URL: https://download.qt.io/online/qtsdkrepository/windows_x86/desktop/qt6_680/qt6_680/qt.qt6.680.win64_msvc2022_64/6.8.0-0-202410030750qtbase-Windows-Windows_11_23H2-MSVC2022-Windows-Windows_11_23H2-X86_64.7z
2026-08-25 01:20:05,980 - aqt.installer - DEBUG - installer 20560 Download URL: https://download.qt.io/online/qtsdkrepository/windows_x86/desktop/qt6_680/qt6_680/qt.qt6.680.win64_msvc2022_64/6.8.0-0-202410030750qtdeclarative-Windows-Windows_11_23H2-MSVC2022-Windows-Windows_11_23H2-X86_64.7z
2026-08-25 01:20:05,981 - aqt.installer - DEBUG - installer 32292 Download URL: https://download.qt.io/online/qtsdkrepository/windows_x86/desktop/qt6_680/qt6_680/qt.qt6.680.win64_msvc2022_64/6.8.0-0-202410030750qtsvg-Windows-Windows_11_23H2-MSVC2022-Windows-Windows_11_23H2-X86_64.7z
2026-08-25 01:20:06,017 - aqt.helper - INFO - helper 19756 Downloading qtmultimedia...
2026-08-25 01:20:06,017 - aqt.installer - DEBUG - installer 19756 Download URL: https://download.qt.io/online/qtsdkrepository/windows_x86/desktop/qt6_680/qt6_680/qt.qt6.680.addons.qtmultimedia.win64_msvc2022_64/6.8.0-0-202410030750qtmultimedia-Windows-Windows_11_23H2-MSVC2022-Windows-Windows_11_23H2-X86_64.7z
2026-08-25 01:20:06,630 - aqt.helper - DEBUG - helper 32292 Asked to redirect(302) to: https://qt.mirror.constant.com/online/qtsdkrepository/windows_x86/desktop/qt6_680/qt6_680/qt.qt6.680.win64_msvc2022_64/6.8.0-0-202410030750qtsvg-Windows-Windows_11_23H2-MSVC2022-Windows-Windows_11_23H2-X86_64.7z
2026-08-25 01:20:06,630 - aqt.helper - INFO - helper 32292 Redirected: qt.mirror.constant.com
2026-08-25 01:20:06,633 - aqt.helper - DEBUG - helper 20560 Asked to redirect(302) to: https://qt.mirror.constant.com/online/qtsdkrepository/windows_x86/desktop/qt6_680/qt6_680/qt.qt6.680.win64_msvc2022_64/6.8.0-0-202410030750qtdeclarative-Windows-Windows_11_23H2-MSVC2022-Windows-Windows_11_23H2-X86_64.7z
2026-08-25 01:20:06,633 - aqt.helper - INFO - helper 20560 Redirected: qt.mirror.constant.com
2026-08-25 01:20:06,649 - aqt.helper - DEBUG - helper 26308 Asked to redirect(302) to: https://qt.mirror.constant.com/online/qtsdkrepository/windows_x86/desktop/qt6_680/qt6_680/qt.qt6.680.win64_msvc2022_64/6.8.0-0-202410030750qtbase-Windows-Windows_11_23H2-MSVC2022-Windows-Windows_11_23H2-X86_64.7z
2026-08-25 01:20:06,649 - aqt.helper - INFO - helper 26308 Redirected: qt.mirror.constant.com
2026-08-25 01:20:06,659 - aqt.helper - DEBUG - helper 19756 Asked to redirect(302) to: https://qt.mirror.constant.com/online/qtsdkrepository/windows_x86/desktop/qt6_680/qt6_680/qt.qt6.680.addons.qtmultimedia.win64_msvc2022_64/6.8.0-0-202410030750qtmultimedia-Windows-Windows_11_23H2-MSVC2022-Windows-Windows_11_23H2-X86_64.7z
2026-08-25 01:20:06,659 - aqt.helper - INFO - helper 19756 Redirected: qt.mirror.constant.com
2026-08-25 01:20:07,351 - aqt.installer - INFO - installer 32292 Finished installation of qtsvg-Windows-Windows_11_23H2-MSVC2022-Windows-Windows_11_23H2-X86_64.7z in 2.11205590
2026-08-25 01:20:07,359 - aqt.helper - DEBUG - helper 32292 Attempt to download checksum at https://download.qt.io/online/qtsdkrepository/windows_x86/desktop/qt6_680/qt6_680/qt.qt6.680.win64_msvc2022_64/6.8.0-0-202410030750qttools-Windows-Windows_11_23H2-MSVC2022-Windows-Windows_11_23H2-X86_64.7z.sha256
2026-08-25 01:20:08,152 - aqt.helper - INFO - helper 32292 Downloading qttools...
2026-08-25 01:20:08,152 - aqt.installer - DEBUG - installer 32292 Download URL: https://download.qt.io/online/qtsdkrepository/windows_x86/desktop/qt6_680/qt6_680/qt.qt6.680.win64_msvc2022_64/6.8.0-0-202410030750qttools-Windows-Windows_11_23H2-MSVC2022-Windows-Windows_11_23H2-X86_64.7z
2026-08-25 01:20:08,801 - aqt.helper - DEBUG - helper 32292 Asked to redirect(302) to: https://qt.mirror.constant.com/online/qtsdkrepository/windows_x86/desktop/qt6_680/qt6_680/qt.qt6.680.win64_msvc2022_64/6.8.0-0-202410030750qttools-Windows-Windows_11_23H2-MSVC2022-Windows-Windows_11_23H2-X86_64.7z
2026-08-25 01:20:08,801 - aqt.helper - INFO - helper 32292 Redirected: qt.mirror.constant.com
2026-08-25 01:20:09,213 - aqt.installer - INFO - installer 19756 Finished installation of qtmultimedia-Windows-Windows_11_23H2-MSVC2022-Windows-Windows_11_23H2-X86_64.7z in 3.97850490
2026-08-25 01:20:09,223 - aqt.helper - DEBUG - helper 19756 Attempt to download checksum at https://download.qt.io/online/qtsdkrepository/windows_x86/desktop/qt6_680/qt6_680/qt.qt6.680.win64_msvc2022_64/6.8.0-0-202410030750qttranslations-Windows-Windows_11_23H2-MSVC2022-Windows-Windows_11_23H2-X86_64.7z.sha256
2026-08-25 01:20:09,935 - aqt.helper - INFO - helper 19756 Downloading qttranslations...
2026-08-25 01:20:09,936 - aqt.installer - DEBUG - installer 19756 Download URL: https://download.qt.io/online/qtsdkrepository/windows_x86/desktop/qt6_680/qt6_680/qt.qt6.680.win64_msvc2022_64/6.8.0-0-202410030750qttranslations-Windows-Windows_11_23H2-MSVC2022-Windows-Windows_11_23H2-X86_64.7z
2026-08-25 01:20:10,573 - aqt.helper - DEBUG - helper 19756 Asked to redirect(302) to: https://qt.mirror.constant.com/online/qtsdkrepository/windows_x86/desktop/qt6_680/qt6_680/qt.qt6.680.win64_msvc2022_64/6.8.0-0-202410030750qttranslations-Windows-Windows_11_23H2-MSVC2022-Windows-Windows_11_23H2-X86_64.7z
2026-08-25 01:20:10,573 - aqt.helper - INFO - helper 19756 Redirected: qt.mirror.constant.com
2026-08-25 01:20:11,501 - aqt.installer - INFO - installer 32292 Finished installation of qttools-Windows-Windows_11_23H2-MSVC2022-Windows-Windows_11_23H2-X86_64.7z in 4.14321040
2026-08-25 01:20:11,511 - aqt.helper - DEBUG - helper 32292 Attempt to download checksum at https://download.qt.io/online/qtsdkrepository/windows_x86/desktop/qt6_680/qt6_680/qt.qt6.680.win64_msvc2022_64/6.8.0-0-202410030750d3dcompiler_47-x64.7z.sha256
2026-08-25 01:20:11,541 - aqt.installer - INFO - installer 19756 Finished installation of qttranslations-Windows-Windows_11_23H2-MSVC2022-Windows-Windows_11_23H2-X86_64.7z in 2.31932390
2026-08-25 01:20:11,551 - aqt.helper - DEBUG - helper 19756 Attempt to download checksum at https://download.qt.io/online/qtsdkrepository/windows_x86/desktop/qt6_680/qt6_680/qt.qt6.680.win64_msvc2022_64/6.8.0-0-202410030750opengl32sw-64-mesa_11_2_2-signed_sha256.7z.sha256
2026-08-25 01:20:12,240 - aqt.helper - INFO - helper 32292 Downloading d3dcompiler_47...
2026-08-25 01:20:12,240 - aqt.installer - DEBUG - installer 32292 Download URL: https://download.qt.io/online/qtsdkrepository/windows_x86/desktop/qt6_680/qt6_680/qt.qt6.680.win64_msvc2022_64/6.8.0-0-202410030750d3dcompiler_47-x64.7z
2026-08-25 01:20:12,302 - aqt.helper - INFO - helper 19756 Downloading opengl32sw...
2026-08-25 01:20:12,303 - aqt.installer - DEBUG - installer 19756 Download URL: https://download.qt.io/online/qtsdkrepository/windows_x86/desktop/qt6_680/qt6_680/qt.qt6.680.win64_msvc2022_64/6.8.0-0-202410030750opengl32sw-64-mesa_11_2_2-signed_sha256.7z
2026-08-25 01:20:12,909 - aqt.helper - DEBUG - helper 32292 Asked to redirect(302) to: https://qt.mirror.constant.com/online/qtsdkrepository/windows_x86/desktop/qt6_680/qt6_680/qt.qt6.680.win64_msvc2022_64/6.8.0-0-202410030750d3dcompiler_47-x64.7z
2026-08-25 01:20:12,909 - aqt.helper - INFO - helper 32292 Redirected: qt.mirror.constant.com
2026-08-25 01:20:13,011 - aqt.helper - DEBUG - helper 19756 Asked to redirect(302) to: https://qt.mirror.constant.com/online/qtsdkrepository/windows_x86/desktop/qt6_680/qt6_680/qt.qt6.680.win64_msvc2022_64/6.8.0-0-202410030750opengl32sw-64-mesa_11_2_2-signed_sha256.7z
2026-08-25 01:20:13,011 - aqt.helper - INFO - helper 19756 Redirected: qt.mirror.constant.com
2026-08-25 01:20:13,043 - aqt.installer - INFO - installer 26308 Finished installation of qtbase-Windows-Windows_11_23H2-MSVC2022-Windows-Windows_11_23H2-X86_64.7z in 7.80565780
2026-08-25 01:20:13,609 - aqt.installer - INFO - installer 32292 Finished installation of d3dcompiler_47-x64.7z in 2.09967290
2026-08-25 01:20:14,049 - aqt.installer - INFO - installer 19756 Finished installation of opengl32sw-64-mesa_11_2_2-signed_sha256.7z in 2.49872710
2026-08-25 01:20:22,679 - aqt.installer - INFO - installer 20560 Finished installation of qtdeclarative-Windows-Windows_11_23H2-MSVC2022-Windows-Windows_11_23H2-X86_64.7z in 17.43867260
2026-08-25 01:20:22,875 - aqt.updater - INFO - updater 24376 Patching C:\dev\qt\6.8.0\msvc2022_64\bin\qmake.exe
2026-08-25 01:20:22,878 - aqt.updater - INFO - updater 24376 Patching C:\dev\qt\6.8.0\msvc2022_64\lib\Qt6Concurrent.prl
2026-08-25 01:20:22,883 - aqt.updater - INFO - updater 24376 Patching C:\dev\qt\6.8.0\msvc2022_64\lib\Qt6Concurrentd.prl
2026-08-25 01:20:22,886 - aqt.updater - INFO - updater 24376 Patching C:\dev\qt\6.8.0\msvc2022_64\lib\Qt6Core.prl
2026-08-25 01:20:22,890 - aqt.updater - INFO - updater 24376 Patching C:\dev\qt\6.8.0\msvc2022_64\lib\Qt6Cored.prl
2026-08-25 01:20:22,893 - aqt.updater - INFO - updater 24376 Patching C:\dev\qt\6.8.0\msvc2022_64\lib\Qt6DBus.prl
2026-08-25 01:20:22,898 - aqt.updater - INFO - updater 24376 Patching C:\dev\qt\6.8.0\msvc2022_64\lib\Qt6DBusd.prl
2026-08-25 01:20:22,901 - aqt.updater - INFO - updater 24376 Patching C:\dev\qt\6.8.0\msvc2022_64\lib\Qt6Designer.prl
2026-08-25 01:20:22,906 - aqt.updater - INFO - updater 24376 Patching C:\dev\qt\6.8.0\msvc2022_64\lib\Qt6DesignerComponents.prl
2026-08-25 01:20:22,909 - aqt.updater - INFO - updater 24376 Patching C:\dev\qt\6.8.0\msvc2022_64\lib\Qt6DesignerComponentsd.prl
2026-08-25 01:20:22,912 - aqt.updater - INFO - updater 24376 Patching C:\dev\qt\6.8.0\msvc2022_64\lib\Qt6Designerd.prl
2026-08-25 01:20:22,916 - aqt.updater - INFO - updater 24376 Patching C:\dev\qt\6.8.0\msvc2022_64\lib\Qt6DeviceDiscoverySupport.prl
2026-08-25 01:20:22,919 - aqt.updater - INFO - updater 24376 Patching C:\dev\qt\6.8.0\msvc2022_64\lib\Qt6DeviceDiscoverySupportd.prl
2026-08-25 01:20:22,923 - aqt.updater - INFO - updater 24376 Patching C:\dev\qt\6.8.0\msvc2022_64\lib\Qt6EntryPoint.prl
2026-08-25 01:20:22,926 - aqt.updater - INFO - updater 24376 Patching C:\dev\qt\6.8.0\msvc2022_64\lib\Qt6EntryPointd.prl
2026-08-25 01:20:22,930 - aqt.updater - INFO - updater 24376 Patching C:\dev\qt\6.8.0\msvc2022_64\lib\Qt6ExampleIcons.prl
2026-08-25 01:20:22,934 - aqt.updater - INFO - updater 24376 Patching C:\dev\qt\6.8.0\msvc2022_64\lib\Qt6ExampleIconsd.prl
2026-08-25 01:20:22,937 - aqt.updater - INFO - updater 24376 Patching C:\dev\qt\6.8.0\msvc2022_64\lib\Qt6ExamplesAssetDownloader.prl
2026-08-25 01:20:22,941 - aqt.updater - INFO - updater 24376 Patching C:\dev\qt\6.8.0\msvc2022_64\lib\Qt6ExamplesAssetDownloaderd.prl
2026-08-25 01:20:22,944 - aqt.updater - INFO - updater 24376 Patching C:\dev\qt\6.8.0\msvc2022_64\lib\Qt6FbSupport.prl
2026-08-25 01:20:22,948 - aqt.updater - INFO - updater 24376 Patching C:\dev\qt\6.8.0\msvc2022_64\lib\Qt6FbSupportd.prl
2026-08-25 01:20:22,952 - aqt.updater - INFO - updater 24376 Patching C:\dev\qt\6.8.0\msvc2022_64\lib\Qt6Gui.prl
2026-08-25 01:20:22,955 - aqt.updater - INFO - updater 24376 Patching C:\dev\qt\6.8.0\msvc2022_64\lib\Qt6Guid.prl
2026-08-25 01:20:22,958 - aqt.updater - INFO - updater 24376 Patching C:\dev\qt\6.8.0\msvc2022_64\lib\Qt6Help.prl
2026-08-25 01:20:22,962 - aqt.updater - INFO - updater 24376 Patching C:\dev\qt\6.8.0\msvc2022_64\lib\Qt6Helpd.prl
2026-08-25 01:20:22,965 - aqt.updater - INFO - updater 24376 Patching C:\dev\qt\6.8.0\msvc2022_64\lib\Qt6LabsAnimation.prl
2026-08-25 01:20:22,970 - aqt.updater - INFO - updater 24376 Patching C:\dev\qt\6.8.0\msvc2022_64\lib\Qt6LabsAnimationd.prl
2026-08-25 01:20:22,973 - aqt.updater - INFO - updater 24376 Patching C:\dev\qt\6.8.0\msvc2022_64\lib\Qt6LabsFolderListModel.prl
2026-08-25 01:20:22,977 - aqt.updater - INFO - updater 24376 Patching C:\dev\qt\6.8.0\msvc2022_64\lib\Qt6LabsFolderListModeld.prl
2026-08-25 01:20:22,981 - aqt.updater - INFO - updater 24376 Patching C:\dev\qt\6.8.0\msvc2022_64\lib\Qt6LabsPlatform.prl
2026-08-25 01:20:22,984 - aqt.updater - INFO - updater 24376 Patching C:\dev\qt\6.8.0\msvc2022_64\lib\Qt6LabsPlatformd.prl
2026-08-25 01:20:22,988 - aqt.updater - INFO - updater 24376 Patching C:\dev\qt\6.8.0\msvc2022_64\lib\Qt6LabsQmlModels.prl
2026-08-25 01:20:22,992 - aqt.updater - INFO - updater 24376 Patching C:\dev\qt\6.8.0\msvc2022_64\lib\Qt6LabsQmlModelsd.prl
2026-08-25 01:20:22,995 - aqt.updater - INFO - updater 24376 Patching C:\dev\qt\6.8.0\msvc2022_64\lib\Qt6LabsSettings.prl
2026-08-25 01:20:22,999 - aqt.updater - INFO - updater 24376 Patching C:\dev\qt\6.8.0\msvc2022_64\lib\Qt6LabsSettingsd.prl
2026-08-25 01:20:23,003 - aqt.updater - INFO - updater 24376 Patching C:\dev\qt\6.8.0\msvc2022_64\lib\Qt6LabsSharedImage.prl
2026-08-25 01:20:23,006 - aqt.updater - INFO - updater 24376 Patching C:\dev\qt\6.8.0\msvc2022_64\lib\Qt6LabsSharedImaged.prl
2026-08-25 01:20:23,009 - aqt.updater - INFO - updater 24376 Patching C:\dev\qt\6.8.0\msvc2022_64\lib\Qt6LabsWavefrontMesh.prl
2026-08-25 01:20:23,013 - aqt.updater - INFO - updater 24376 Patching C:\dev\qt\6.8.0\msvc2022_64\lib\Qt6LabsWavefrontMeshd.prl
2026-08-25 01:20:23,016 - aqt.updater - INFO - updater 24376 Patching C:\dev\qt\6.8.0\msvc2022_64\lib\Qt6Multimedia.prl
2026-08-25 01:20:23,020 - aqt.updater - INFO - updater 24376 Patching C:\dev\qt\6.8.0\msvc2022_64\lib\Qt6Multimediad.prl
2026-08-25 01:20:23,023 - aqt.updater - INFO - updater 24376 Patching C:\dev\qt\6.8.0\msvc2022_64\lib\Qt6MultimediaQuick.prl
2026-08-25 01:20:23,027 - aqt.updater - INFO - updater 24376 Patching C:\dev\qt\6.8.0\msvc2022_64\lib\Qt6MultimediaQuickd.prl
2026-08-25 01:20:23,030 - aqt.updater - INFO - updater 24376 Patching C:\dev\qt\6.8.0\msvc2022_64\lib\Qt6MultimediaWidgets.prl
2026-08-25 01:20:23,033 - aqt.updater - INFO - updater 24376 Patching C:\dev\qt\6.8.0\msvc2022_64\lib\Qt6MultimediaWidgetsd.prl
2026-08-25 01:20:23,037 - aqt.updater - INFO - updater 24376 Patching C:\dev\qt\6.8.0\msvc2022_64\lib\Qt6Network.prl
2026-08-25 01:20:23,041 - aqt.updater - INFO - updater 24376 Patching C:\dev\qt\6.8.0\msvc2022_64\lib\Qt6Networkd.prl
2026-08-25 01:20:23,044 - aqt.updater - INFO - updater 24376 Patching C:\dev\qt\6.8.0\msvc2022_64\lib\Qt6OpenGL.prl
2026-08-25 01:20:23,048 - aqt.updater - INFO - updater 24376 Patching C:\dev\qt\6.8.0\msvc2022_64\lib\Qt6OpenGLd.prl
2026-08-25 01:20:23,051 - aqt.updater - INFO - updater 24376 Patching C:\dev\qt\6.8.0\msvc2022_64\lib\Qt6OpenGLWidgets.prl
2026-08-25 01:20:23,055 - aqt.updater - INFO - updater 24376 Patching C:\dev\qt\6.8.0\msvc2022_64\lib\Qt6OpenGLWidgetsd.prl
2026-08-25 01:20:23,058 - aqt.updater - INFO - updater 24376 Patching C:\dev\qt\6.8.0\msvc2022_64\lib\Qt6PacketProtocol.prl
2026-08-25 01:20:23,062 - aqt.updater - INFO - updater 24376 Patching C:\dev\qt\6.8.0\msvc2022_64\lib\Qt6PacketProtocold.prl
2026-08-25 01:20:23,065 - aqt.updater - INFO - updater 24376 Patching C:\dev\qt\6.8.0\msvc2022_64\lib\Qt6PrintSupport.prl
2026-08-25 01:20:23,069 - aqt.updater - INFO - updater 24376 Patching C:\dev\qt\6.8.0\msvc2022_64\lib\Qt6PrintSupportd.prl
2026-08-25 01:20:23,073 - aqt.updater - INFO - updater 24376 Patching C:\dev\qt\6.8.0\msvc2022_64\lib\Qt6Qml.prl
2026-08-25 01:20:23,076 - aqt.updater - INFO - updater 24376 Patching C:\dev\qt\6.8.0\msvc2022_64\lib\Qt6QmlAssetDownloader.prl
2026-08-25 01:20:23,080 - aqt.updater - INFO - updater 24376 Patching C:\dev\qt\6.8.0\msvc2022_64\lib\Qt6QmlAssetDownloaderd.prl
2026-08-25 01:20:23,083 - aqt.updater - INFO - updater 24376 Patching C:\dev\qt\6.8.0\msvc2022_64\lib\Qt6QmlCompiler.prl
2026-08-25 01:20:23,087 - aqt.updater - INFO - updater 24376 Patching C:\dev\qt\6.8.0\msvc2022_64\lib\Qt6QmlCompilerd.prl
2026-08-25 01:20:23,090 - aqt.updater - INFO - updater 24376 Patching C:\dev\qt\6.8.0\msvc2022_64\lib\Qt6QmlCore.prl
2026-08-25 01:20:23,094 - aqt.updater - INFO - updater 24376 Patching C:\dev\qt\6.8.0\msvc2022_64\lib\Qt6QmlCored.prl
2026-08-25 01:20:23,098 - aqt.updater - INFO - updater 24376 Patching C:\dev\qt\6.8.0\msvc2022_64\lib\Qt6Qmld.prl
2026-08-25 01:20:23,101 - aqt.updater - INFO - updater 24376 Patching C:\dev\qt\6.8.0\msvc2022_64\lib\Qt6QmlDebug.prl
2026-08-25 01:20:23,105 - aqt.updater - INFO - updater 24376 Patching C:\dev\qt\6.8.0\msvc2022_64\lib\Qt6QmlDebugd.prl
2026-08-25 01:20:23,108 - aqt.updater - INFO - updater 24376 Patching C:\dev\qt\6.8.0\msvc2022_64\lib\Qt6QmlDom.prl
2026-08-25 01:20:23,112 - aqt.updater - INFO - updater 24376 Patching C:\dev\qt\6.8.0\msvc2022_64\lib\Qt6QmlDomd.prl
2026-08-25 01:20:23,116 - aqt.updater - INFO - updater 24376 Patching C:\dev\qt\6.8.0\msvc2022_64\lib\Qt6QmlLocalStorage.prl
2026-08-25 01:20:23,119 - aqt.updater - INFO - updater 24376 Patching C:\dev\qt\6.8.0\msvc2022_64\lib\Qt6QmlLocalStoraged.prl
2026-08-25 01:20:23,122 - aqt.updater - INFO - updater 24376 Patching C:\dev\qt\6.8.0\msvc2022_64\lib\Qt6QmlLS.prl
2026-08-25 01:20:23,127 - aqt.updater - INFO - updater 24376 Patching C:\dev\qt\6.8.0\msvc2022_64\lib\Qt6QmlLSd.prl
2026-08-25 01:20:23,132 - aqt.updater - INFO - updater 24376 Patching C:\dev\qt\6.8.0\msvc2022_64\lib\Qt6QmlMeta.prl
2026-08-25 01:20:23,135 - aqt.updater - INFO - updater 24376 Patching C:\dev\qt\6.8.0\msvc2022_64\lib\Qt6QmlMetad.prl
2026-08-25 01:20:23,138 - aqt.updater - INFO - updater 24376 Patching C:\dev\qt\6.8.0\msvc2022_64\lib\Qt6QmlModels.prl
2026-08-25 01:20:23,141 - aqt.updater - INFO - updater 24376 Patching C:\dev\qt\6.8.0\msvc2022_64\lib\Qt6QmlModelsd.prl
2026-08-25 01:20:23,145 - aqt.updater - INFO - updater 24376 Patching C:\dev\qt\6.8.0\msvc2022_64\lib\Qt6QmlNetwork.prl
2026-08-25 01:20:23,149 - aqt.updater - INFO - updater 24376 Patching C:\dev\qt\6.8.0\msvc2022_64\lib\Qt6QmlNetworkd.prl
2026-08-25 01:20:23,154 - aqt.updater - INFO - updater 24376 Patching C:\dev\qt\6.8.0\msvc2022_64\lib\Qt6QmlToolingSettings.prl
2026-08-25 01:20:23,157 - aqt.updater - INFO - updater 24376 Patching C:\dev\qt\6.8.0\msvc2022_64\lib\Qt6QmlToolingSettingsd.prl
2026-08-25 01:20:23,160 - aqt.updater - INFO - updater 24376 Patching C:\dev\qt\6.8.0\msvc2022_64\lib\Qt6QmlTypeRegistrar.prl
2026-08-25 01:20:23,164 - aqt.updater - INFO - updater 24376 Patching C:\dev\qt\6.8.0\msvc2022_64\lib\Qt6QmlTypeRegistrard.prl
2026-08-25 01:20:23,167 - aqt.updater - INFO - updater 24376 Patching C:\dev\qt\6.8.0\msvc2022_64\lib\Qt6QmlWorkerScript.prl
2026-08-25 01:20:23,171 - aqt.updater - INFO - updater 24376 Patching C:\dev\qt\6.8.0\msvc2022_64\lib\Qt6QmlWorkerScriptd.prl
2026-08-25 01:20:23,174 - aqt.updater - INFO - updater 24376 Patching C:\dev\qt\6.8.0\msvc2022_64\lib\Qt6QmlXmlListModel.prl
2026-08-25 01:20:23,179 - aqt.updater - INFO - updater 24376 Patching C:\dev\qt\6.8.0\msvc2022_64\lib\Qt6QmlXmlListModeld.prl
2026-08-25 01:20:23,183 - aqt.updater - INFO - updater 24376 Patching C:\dev\qt\6.8.0\msvc2022_64\lib\Qt6Quick.prl
2026-08-25 01:20:23,187 - aqt.updater - INFO - updater 24376 Patching C:\dev\qt\6.8.0\msvc2022_64\lib\Qt6Quick3DSpatialAudio.prl
2026-08-25 01:20:23,190 - aqt.updater - INFO - updater 24376 Patching C:\dev\qt\6.8.0\msvc2022_64\lib\Qt6Quick3DSpatialAudiod.prl
2026-08-25 01:20:23,195 - aqt.updater - INFO - updater 24376 Patching C:\dev\qt\6.8.0\msvc2022_64\lib\Qt6QuickControls2.prl
2026-08-25 01:20:23,198 - aqt.updater - INFO - updater 24376 Patching C:\dev\qt\6.8.0\msvc2022_64\lib\Qt6QuickControls2Basic.prl
2026-08-25 01:20:23,202 - aqt.updater - INFO - updater 24376 Patching C:\dev\qt\6.8.0\msvc2022_64\lib\Qt6QuickControls2Basicd.prl
2026-08-25 01:20:23,205 - aqt.updater - INFO - updater 24376 Patching C:\dev\qt\6.8.0\msvc2022_64\lib\Qt6QuickControls2BasicStyleImpl.prl
2026-08-25 01:20:23,209 - aqt.updater - INFO - updater 24376 Patching C:\dev\qt\6.8.0\msvc2022_64\lib\Qt6QuickControls2BasicStyleImpld.prl
2026-08-25 01:20:23,213 - aqt.updater - INFO - updater 24376 Patching C:\dev\qt\6.8.0\msvc2022_64\lib\Qt6QuickControls2d.prl
2026-08-25 01:20:23,217 - aqt.updater - INFO - updater 24376 Patching C:\dev\qt\6.8.0\msvc2022_64\lib\Qt6QuickControls2FluentWinUI3StyleImpl.prl
2026-08-25 01:20:23,221 - aqt.updater - INFO - updater 24376 Patching C:\dev\qt\6.8.0\msvc2022_64\lib\Qt6QuickControls2FluentWinUI3StyleImpld.prl
2026-08-25 01:20:23,225 - aqt.updater - INFO - updater 24376 Patching C:\dev\qt\6.8.0\msvc2022_64\lib\Qt6QuickControls2Fusion.prl
2026-08-25 01:20:23,228 - aqt.updater - INFO - updater 24376 Patching C:\dev\qt\6.8.0\msvc2022_64\lib\Qt6QuickControls2Fusiond.prl
2026-08-25 01:20:23,233 - aqt.updater - INFO - updater 24376 Patching C:\dev\qt\6.8.0\msvc2022_64\lib\Qt6QuickControls2FusionStyleImpl.prl
2026-08-25 01:20:23,237 - aqt.updater - INFO - updater 24376 Patching C:\dev\qt\6.8.0\msvc2022_64\lib\Qt6QuickControls2FusionStyleImpld.prl
2026-08-25 01:20:23,241 - aqt.updater - INFO - updater 24376 Patching C:\dev\qt\6.8.0\msvc2022_64\lib\Qt6QuickControls2Imagine.prl
2026-08-25 01:20:23,244 - aqt.updater - INFO - updater 24376 Patching C:\dev\qt\6.8.0\msvc2022_64\lib\Qt6QuickControls2Imagined.prl
2026-08-25 01:20:23,248 - aqt.updater - INFO - updater 24376 Patching C:\dev\qt\6.8.0\msvc2022_64\lib\Qt6QuickControls2ImagineStyleImpl.prl
2026-08-25 01:20:23,251 - aqt.updater - INFO - updater 24376 Patching C:\dev\qt\6.8.0\msvc2022_64\lib\Qt6QuickControls2ImagineStyleImpld.prl
2026-08-25 01:20:23,255 - aqt.updater - INFO - updater 24376 Patching C:\dev\qt\6.8.0\msvc2022_64\lib\Qt6QuickControls2Impl.prl
2026-08-25 01:20:23,259 - aqt.updater - INFO - updater 24376 Patching C:\dev\qt\6.8.0\msvc2022_64\lib\Qt6QuickControls2Impld.prl
2026-08-25 01:20:23,262 - aqt.updater - INFO - updater 24376 Patching C:\dev\qt\6.8.0\msvc2022_64\lib\Qt6QuickControls2Material.prl
2026-08-25 01:20:23,266 - aqt.updater - INFO - updater 24376 Patching C:\dev\qt\6.8.0\msvc2022_64\lib\Qt6QuickControls2Materiald.prl
2026-08-25 01:20:23,269 - aqt.updater - INFO - updater 24376 Patching C:\dev\qt\6.8.0\msvc2022_64\lib\Qt6QuickControls2MaterialStyleImpl.prl
2026-08-25 01:20:23,273 - aqt.updater - INFO - updater 24376 Patching C:\dev\qt\6.8.0\msvc2022_64\lib\Qt6QuickControls2MaterialStyleImpld.prl
2026-08-25 01:20:23,277 - aqt.updater - INFO - updater 24376 Patching C:\dev\qt\6.8.0\msvc2022_64\lib\Qt6QuickControls2Universal.prl
2026-08-25 01:20:23,281 - aqt.updater - INFO - updater 24376 Patching C:\dev\qt\6.8.0\msvc2022_64\lib\Qt6QuickControls2Universald.prl
2026-08-25 01:20:23,284 - aqt.updater - INFO - updater 24376 Patching C:\dev\qt\6.8.0\msvc2022_64\lib\Qt6QuickControls2UniversalStyleImpl.prl
2026-08-25 01:20:23,288 - aqt.updater - INFO - updater 24376 Patching C:\dev\qt\6.8.0\msvc2022_64\lib\Qt6QuickControls2UniversalStyleImpld.prl
2026-08-25 01:20:23,292 - aqt.updater - INFO - updater 24376 Patching C:\dev\qt\6.8.0\msvc2022_64\lib\Qt6QuickControls2WindowsStyleImpl.prl
2026-08-25 01:20:23,296 - aqt.updater - INFO - updater 24376 Patching C:\dev\qt\6.8.0\msvc2022_64\lib\Qt6QuickControls2WindowsStyleImpld.prl
2026-08-25 01:20:23,299 - aqt.updater - INFO - updater 24376 Patching C:\dev\qt\6.8.0\msvc2022_64\lib\Qt6QuickControlsTestUtils.prl
2026-08-25 01:20:23,303 - aqt.updater - INFO - updater 24376 Patching C:\dev\qt\6.8.0\msvc2022_64\lib\Qt6QuickControlsTestUtilsd.prl
2026-08-25 01:20:23,307 - aqt.updater - INFO - updater 24376 Patching C:\dev\qt\6.8.0\msvc2022_64\lib\Qt6Quickd.prl
2026-08-25 01:20:23,311 - aqt.updater - INFO - updater 24376 Patching C:\dev\qt\6.8.0\msvc2022_64\lib\Qt6QuickDialogs2.prl
2026-08-25 01:20:23,315 - aqt.updater - INFO - updater 24376 Patching C:\dev\qt\6.8.0\msvc2022_64\lib\Qt6QuickDialogs2d.prl
2026-08-25 01:20:23,318 - aqt.updater - INFO - updater 24376 Patching C:\dev\qt\6.8.0\msvc2022_64\lib\Qt6QuickDialogs2QuickImpl.prl
2026-08-25 01:20:23,323 - aqt.updater - INFO - updater 24376 Patching C:\dev\qt\6.8.0\msvc2022_64\lib\Qt6QuickDialogs2QuickImpld.prl
2026-08-25 01:20:23,327 - aqt.updater - INFO - updater 24376 Patching C:\dev\qt\6.8.0\msvc2022_64\lib\Qt6QuickDialogs2Utils.prl
2026-08-25 01:20:23,330 - aqt.updater - INFO - updater 24376 Patching C:\dev\qt\6.8.0\msvc2022_64\lib\Qt6QuickDialogs2Utilsd.prl
2026-08-25 01:20:23,333 - aqt.updater - INFO - updater 24376 Patching C:\dev\qt\6.8.0\msvc2022_64\lib\Qt6QuickEffects.prl
2026-08-25 01:20:23,337 - aqt.updater - INFO - updater 24376 Patching C:\dev\qt\6.8.0\msvc2022_64\lib\Qt6QuickEffectsd.prl
2026-08-25 01:20:23,341 - aqt.updater - INFO - updater 24376 Patching C:\dev\qt\6.8.0\msvc2022_64\lib\Qt6QuickLayouts.prl
2026-08-25 01:20:23,344 - aqt.updater - INFO - updater 24376 Patching C:\dev\qt\6.8.0\msvc2022_64\lib\Qt6QuickLayoutsd.prl
2026-08-25 01:20:23,348 - aqt.updater - INFO - updater 24376 Patching C:\dev\qt\6.8.0\msvc2022_64\lib\Qt6QuickParticles.prl
2026-08-25 01:20:23,352 - aqt.updater - INFO - updater 24376 Patching C:\dev\qt\6.8.0\msvc2022_64\lib\Qt6QuickParticlesd.prl
2026-08-25 01:20:23,355 - aqt.updater - INFO - updater 24376 Patching C:\dev\qt\6.8.0\msvc2022_64\lib\Qt6QuickShapes.prl
2026-08-25 01:20:23,358 - aqt.updater - INFO - updater 24376 Patching C:\dev\qt\6.8.0\msvc2022_64\lib\Qt6QuickShapesd.prl
2026-08-25 01:20:23,362 - aqt.updater - INFO - updater 24376 Patching C:\dev\qt\6.8.0\msvc2022_64\lib\Qt6QuickTemplates2.prl
2026-08-25 01:20:23,367 - aqt.updater - INFO - updater 24376 Patching C:\dev\qt\6.8.0\msvc2022_64\lib\Qt6QuickTemplates2d.prl
2026-08-25 01:20:23,370 - aqt.updater - INFO - updater 24376 Patching C:\dev\qt\6.8.0\msvc2022_64\lib\Qt6QuickTest.prl
2026-08-25 01:20:23,373 - aqt.updater - INFO - updater 24376 Patching C:\dev\qt\6.8.0\msvc2022_64\lib\Qt6QuickTestd.prl
2026-08-25 01:20:23,378 - aqt.updater - INFO - updater 24376 Patching C:\dev\qt\6.8.0\msvc2022_64\lib\Qt6QuickTestUtils.prl
2026-08-25 01:20:23,381 - aqt.updater - INFO - updater 24376 Patching C:\dev\qt\6.8.0\msvc2022_64\lib\Qt6QuickTestUtilsd.prl
2026-08-25 01:20:23,385 - aqt.updater - INFO - updater 24376 Patching C:\dev\qt\6.8.0\msvc2022_64\lib\Qt6QuickVectorImage.prl
2026-08-25 01:20:23,389 - aqt.updater - INFO - updater 24376 Patching C:\dev\qt\6.8.0\msvc2022_64\lib\Qt6QuickVectorImaged.prl
2026-08-25 01:20:23,393 - aqt.updater - INFO - updater 24376 Patching C:\dev\qt\6.8.0\msvc2022_64\lib\Qt6QuickVectorImageGenerator.prl
2026-08-25 01:20:23,397 - aqt.updater - INFO - updater 24376 Patching C:\dev\qt\6.8.0\msvc2022_64\lib\Qt6QuickVectorImageGeneratord.prl
2026-08-25 01:20:23,400 - aqt.updater - INFO - updater 24376 Patching C:\dev\qt\6.8.0\msvc2022_64\lib\Qt6QuickWidgets.prl
2026-08-25 01:20:23,403 - aqt.updater - INFO - updater 24376 Patching C:\dev\qt\6.8.0\msvc2022_64\lib\Qt6QuickWidgetsd.prl
2026-08-25 01:20:23,407 - aqt.updater - INFO - updater 24376 Patching C:\dev\qt\6.8.0\msvc2022_64\lib\Qt6SpatialAudio.prl
2026-08-25 01:20:23,411 - aqt.updater - INFO - updater 24376 Patching C:\dev\qt\6.8.0\msvc2022_64\lib\Qt6SpatialAudiod.prl
2026-08-25 01:20:23,415 - aqt.updater - INFO - updater 24376 Patching C:\dev\qt\6.8.0\msvc2022_64\lib\Qt6Sql.prl
2026-08-25 01:20:23,418 - aqt.updater - INFO - updater 24376 Patching C:\dev\qt\6.8.0\msvc2022_64\lib\Qt6Sqld.prl
2026-08-25 01:20:23,421 - aqt.updater - INFO - updater 24376 Patching C:\dev\qt\6.8.0\msvc2022_64\lib\Qt6Svg.prl
2026-08-25 01:20:23,424 - aqt.updater - INFO - updater 24376 Patching C:\dev\qt\6.8.0\msvc2022_64\lib\Qt6Svgd.prl
2026-08-25 01:20:23,429 - aqt.updater - INFO - updater 24376 Patching C:\dev\qt\6.8.0\msvc2022_64\lib\Qt6SvgWidgets.prl
2026-08-25 01:20:23,433 - aqt.updater - INFO - updater 24376 Patching C:\dev\qt\6.8.0\msvc2022_64\lib\Qt6SvgWidgetsd.prl
2026-08-25 01:20:23,436 - aqt.updater - INFO - updater 24376 Patching C:\dev\qt\6.8.0\msvc2022_64\lib\Qt6Test.prl
2026-08-25 01:20:23,439 - aqt.updater - INFO - updater 24376 Patching C:\dev\qt\6.8.0\msvc2022_64\lib\Qt6Testd.prl
2026-08-25 01:20:23,442 - aqt.updater - INFO - updater 24376 Patching C:\dev\qt\6.8.0\msvc2022_64\lib\Qt6UiTools.prl
2026-08-25 01:20:23,446 - aqt.updater - INFO - updater 24376 Patching C:\dev\qt\6.8.0\msvc2022_64\lib\Qt6UiToolsd.prl
2026-08-25 01:20:23,450 - aqt.updater - INFO - updater 24376 Patching C:\dev\qt\6.8.0\msvc2022_64\lib\Qt6Widgets.prl
2026-08-25 01:20:23,455 - aqt.updater - INFO - updater 24376 Patching C:\dev\qt\6.8.0\msvc2022_64\lib\Qt6Widgetsd.prl
2026-08-25 01:20:23,458 - aqt.updater - INFO - updater 24376 Patching C:\dev\qt\6.8.0\msvc2022_64\lib\Qt6Xml.prl
2026-08-25 01:20:23,461 - aqt.updater - INFO - updater 24376 Patching C:\dev\qt\6.8.0\msvc2022_64\lib\Qt6Xmld.prl
2026-08-25 01:20:23,465 - aqt.main - INFO - installer 24376 Finished installation
2026-08-25 01:20:23,465 - aqt.main - INFO - installer 24376 Time elapsed: 22.83123370 second
